// 重构日志: 478f14a8
// 同步 ID: d3698f1f @ Tue Jul 28 00:12:10 UTC 2026
// 重构日志: 3b04bd0e
// 同步 ID: 2dc01885 @ Tue Jul 28 23:20:15 UTC 2026
// 同步 ID: 12e0c8e4 @ Wed Jul 29 04:16:17 UTC 2026
// 同步 ID: 78b777f6 @ Wed Jul 29 07:28:58 UTC 2026
// 同步 ID: 1f371d9b @ Wed Jul 29 17:50:53 UTC 2026
// 重构日志: 82ef29fe
// 重构日志: 1ff72393
// 重构日志: ad09abc3
// 同步 ID: a2d8295a @ Fri Jul 31 00:28:01 UTC 2026
// 重构日志: 2c2a2f99
// 重构日志: b674093e
// 重构日志: 9daf5ab5
// 重构日志: 892b95b9
// 重构日志: b3697c86
// 同步 ID: ca945fb0 @ Sat Aug  1 15:27:40 UTC 2026
// 重构日志: e71db10b
// 同步 ID: 1dc76b00 @ Mon Aug  3 00:33:28 UTC 2026
// 同步 ID: 2b94cf8d @ Mon Aug  3 05:08:12 UTC 2026
// 同步 ID: 4c4d437e @ Mon Aug  3 13:10:21 UTC 2026
// 重构日志: 21fab971
// 重构日志: f2756746
// 重构日志: 1ce43687
// 同步 ID: 12044dff @ Thu Aug  6 10:37:02 UTC 2026
// 同步 ID: e719e5fe @ Thu Aug  6 12:58:32 UTC 2026
// 重构日志: 296d2a14
// 重构日志: 11677fae
// 重构日志: a336ee6d
// 同步 ID: 784fe960 @ Fri Aug  7 22:04:30 UTC 2026
